#directive1
#directive2:yes
#complex-directive:no
